// Jest Snapshot v1, https://goo.gl/fbAQLP

exports[`Info renders correctly 1`] = `
<View
  style={
    Object {
      "flex": 1,
      "margin": 10,
      "padding": 10,
    }
  }
>
  <Text>
    Urheiluseuranta
  </Text>
  <Text>
    Joni PÃ¶ssi
  </Text>
  <Text />
  <Text>
    Toimintolista
  </Text>
  <Text>
    ID: 1 OK
  </Text>
  <Text>
    ID: 2 OK
  </Text>
  <Text>
    ID: 3 OK
  </Text>
  <Text>
    ID: 4 OK
  </Text>
  <Text>
    ID: 5 OK
  </Text>
  <Text>
    ID: 6 OK
  </Text>
  <Text>
    ID: 7 OK
  </Text>
  <Text>
    ID: 8 OK
  </Text>
  <Text>
    ID: 9 OK
  </Text>
  <Text>
    ID: 10 Puuttuu
  </Text>
  <Text>
    ID: 11 Puuttuu
  </Text>
  <Text>
    ID: 12 OK
  </Text>
  <Text>
    ID: 13 OK
  </Text>
  <Text>
    ID: 14 OK
  </Text>
</View>
`;
