// Jest Snapshot v1, https://goo.gl/fbAQLP

exports[`App renders correctly 1`] = `
<RNCSafeAreaProvider
  onInsetsChange={[Function]}
  style={
    Array [
      Object {
        "flex": 1,
      },
      undefined,
    ]
  }
>
  <View
    style={
      Object {
        "flex": 1,
        "overflow": "hidden",
      }
    }
  >
    <View
      style={
        Object {
          "flex": 1,
        }
      }
    >
      <View
        collapsable={false}
        pointerEvents="auto"
        removeClippedSubviews={false}
        style={
          Array [
            Object {
              "flex": 1,
              "overflow": "hidden",
            },
            null,
            Object {
              "bottom": 0,
              "left": 0,
              "position": "absolute",
              "right": 0,
              "top": 0,
            },
          ]
        }
      >
        <View
          style={
            Object {
              "flex": 1,
            }
          }
        >
          <View
            accessibilityElementsHidden={false}
            importantForAccessibility="auto"
            style={
              Array [
                Object {
                  "flex": 1,
                },
                Object {
                  "backgroundColor": "rgb(242, 242, 242)",
                },
              ]
            }
          >
            <View
              style={
                Object {
                  "flex": 1,
                  "margin": 10,
                  "padding": 10,
                }
              }
            >
              <RCTScrollView
                data={Array []}
                disableVirtualization={false}
                getItem={[Function]}
                getItemCount={[Function]}
                horizontal={false}
                initialNumToRender={10}
                keyExtractor={[Function]}
                maxToRenderPerBatch={10}
                onContentSizeChange={[Function]}
                onEndReachedThreshold={2}
                onLayout={[Function]}
                onMomentumScrollEnd={[Function]}
                onRefresh={[Function]}
                onScroll={[Function]}
                onScrollBeginDrag={[Function]}
                onScrollEndDrag={[Function]}
                refreshControl={
                  <RefreshControlMock
                    onRefresh={[Function]}
                    refreshing={false}
                  />
                }
                refreshing={false}
                removeClippedSubviews={false}
                renderItem={[Function]}
                scrollEventThrottle={50}
                stickyHeaderIndices={Array []}
                updateCellsBatchingPeriod={50}
                viewabilityConfigCallbackPairs={Array []}
                windowSize={21}
              >
                <RCTRefreshControl />
                <View />
              </RCTScrollView>
              <View
                style={
                  Object {
                    "marginTop": 10,
                  }
                }
              >
                <View
                  accessibilityRole="button"
                  accessibilityState={Object {}}
                  accessible={true}
                  focusable={true}
                  onClick={[Function]}
                  onResponderGrant={[Function]}
                  onResponderMove={[Function]}
                  onResponderRelease={[Function]}
                  onResponderTerminate={[Function]}
                  onResponderTerminationRequest={[Function]}
                  onStartShouldSetResponder={[Function]}
                  style={
                    Object {
                      "opacity": 1,
                    }
                  }
                >
                  <View
                    style={
                      Array [
                        Object {},
                      ]
                    }
                  >
                    <Text
                      style={
                        Array [
                          Object {
                            "color": "#007AFF",
                            "fontSize": 18,
                            "margin": 8,
                            "textAlign": "center",
                          },
                        ]
                      }
                    >
                      Lisää
                    </Text>
                  </View>
                </View>
              </View>
            </View>
          </View>
        </View>
      </View>
    </View>
    <View
      pointerEvents="auto"
      style={
        Object {
          "backgroundColor": "rgb(255, 255, 255)",
          "borderTopColor": "rgb(216, 216, 216)",
          "borderTopWidth": 0.5,
          "bottom": 0,
          "elevation": 8,
          "height": 49,
          "left": 0,
          "paddingBottom": 0,
          "paddingHorizontal": 0,
          "position": null,
          "right": 0,
          "transform": Array [
            Object {
              "translateY": 0,
            },
          ],
        }
      }
    >
      <View
        onLayout={[Function]}
        style={
          Object {
            "flex": 1,
            "flexDirection": "row",
          }
        }
      >
        <View
          accessibilityLabel="List, tab, 1 of 1"
          accessibilityRole="button"
          accessible={true}
          focusable={true}
          onClick={[Function]}
          onResponderGrant={[Function]}
          onResponderMove={[Function]}
          onResponderRelease={[Function]}
          onResponderTerminate={[Function]}
          onResponderTerminationRequest={[Function]}
          onStartShouldSetResponder={[Function]}
          style={
            Array [
              Object {
                "alignItems": "center",
                "flex": 1,
              },
              Object {
                "backgroundColor": "transparent",
              },
              Object {
                "flexDirection": "column",
                "justifyContent": "flex-end",
              },
              undefined,
            ]
          }
        >
          <Text
            numberOfLines={1}
            style={
              Array [
                Object {
                  "backgroundColor": "transparent",
                  "textAlign": "center",
                },
                Object {
                  "color": "rgb(0, 122, 255)",
                },
                Object {
                  "fontSize": 10,
                },
                undefined,
              ]
            }
          >
            List
          </Text>
        </View>
      </View>
    </View>
  </View>
</RNCSafeAreaProvider>
`;
